# Failed Test Cases (as of last tester run)

1. echo mixed quotes
   Command: echo "hello"'world'
   Expected: helloworld
   Got: hello"'world

2. export + echo var
   Command: export TESTVAR=hello && echo $TESTVAR
   Expected: hello
   Got: (empty)

3. cd nonexistent
   Command: cd /no_such_dir_12345
   Expected exit: 1
   Got exit: 0

4. >> append
   Command: echo line1 > /tmp/ms_test_app && echo line2 >> /tmp/ms_test_app && cat /tmp/ms_test_app && rm -f /tmp/ms_test_app
   Expected: line1\nline2
   Got: line1

5. command not found
   Command: nonexistent_cmd_xyz
   Expected exit: 127
   Got exit: 0

ls *.txt

